--- Preprocess Image Log ---
Timestamp: 2025-09-19 19:56:32
Image Path: /home/HwHiAiUser/gp/DATASETS/testv2_320_02/000001.jpg
  Letterbox Scale Info:
    Original Width: 320
    Original Height: 320
    Model Target Width: 640
    Model Target Height: 640
    Scale Ratio: 2
    Padded Width (after scaling): 640
    Padded Height (after scaling): 640
    Offset X (padding left): 0
    Offset Y (padding top): 0
----------------------------

--- Preprocess Image Log ---
Timestamp: 2025-09-19 19:56:32
Image Path: /home/HwHiAiUser/gp/DATASETS/testv2_320_02/000002.jpg
  Letterbox Scale Info:
    Original Width: 320
    Original Height: 320
    Model Target Width: 640
    Model Target Height: 640
    Scale Ratio: 2
    Padded Width (after scaling): 640
    Padded Height (after scaling): 640
    Offset X (padding left): 0
    Offset Y (padding top): 0
----------------------------

--- Preprocess Image Log ---
Timestamp: 2025-09-19 19:56:32
Image Path: /home/HwHiAiUser/gp/DATASETS/testv2_320_02/000003.jpg
  Letterbox Scale Info:
    Original Width: 320
    Original Height: 320
    Model Target Width: 640
    Model Target Height: 640
    Scale Ratio: 2
    Padded Width (after scaling): 640
    Padded Height (after scaling): 640
    Offset X (padding left): 0
    Offset Y (padding top): 0
----------------------------

--- Preprocess Image Log ---
Timestamp: 2025-09-19 19:56:32
Image Path: /home/HwHiAiUser/gp/DATASETS/testv2_320_02/000004.jpg
  Letterbox Scale Info:
    Original Width: 320
    Original Height: 320
    Model Target Width: 640
    Model Target Height: 640
    Scale Ratio: 2
    Padded Width (after scaling): 640
    Padded Height (after scaling): 640
    Offset X (padding left): 0
    Offset Y (padding top): 0
----------------------------

--- Preprocess Image Log ---
Timestamp: 2025-09-19 19:56:32
Image Path: /home/HwHiAiUser/gp/DATASETS/testv2_320_02/000005.jpg
  Letterbox Scale Info:
    Original Width: 320
    Original Height: 320
    Model Target Width: 640
    Model Target Height: 640
    Scale Ratio: 2
    Padded Width (after scaling): 640
    Padded Height (after scaling): 640
    Offset X (padding left): 0
    Offset Y (padding top): 0
----------------------------

--- Preprocess Image Log ---
Timestamp: 2025-09-19 19:56:32
Image Path: /home/HwHiAiUser/gp/DATASETS/testv2_320_02/000006.jpg
  Letterbox Scale Info:
    Original Width: 320
    Original Height: 320
    Model Target Width: 640
    Model Target Height: 640
    Scale Ratio: 2
    Padded Width (after scaling): 640
    Padded Height (after scaling): 640
    Offset X (padding left): 0
    Offset Y (padding top): 0
----------------------------

--- Preprocess Image Log ---
Timestamp: 2025-09-19 19:56:32
Image Path: /home/HwHiAiUser/gp/DATASETS/testv2_320_02/000007.jpg
  Letterbox Scale Info:
    Original Width: 320
    Original Height: 320
    Model Target Width: 640
    Model Target Height: 640
    Scale Ratio: 2
    Padded Width (after scaling): 640
    Padded Height (after scaling): 640
    Offset X (padding left): 0
    Offset Y (padding top): 0
----------------------------

--- Preprocess Image Log ---
Timestamp: 2025-09-19 19:56:32
Image Path: /home/HwHiAiUser/gp/DATASETS/testv2_320_02/000008.jpg
  Letterbox Scale Info:
    Original Width: 320
    Original Height: 320
    Model Target Width: 640
    Model Target Height: 640
    Scale Ratio: 2
    Padded Width (after scaling): 640
    Padded Height (after scaling): 640
    Offset X (padding left): 0
    Offset Y (padding top): 0
----------------------------

--- Preprocess Image Log ---
Timestamp: 2025-09-19 19:56:32
Image Path: /home/HwHiAiUser/gp/DATASETS/testv2_320_02/000009.jpg
  Letterbox Scale Info:
    Original Width: 320
    Original Height: 320
    Model Target Width: 640
    Model Target Height: 640
    Scale Ratio: 2
    Padded Width (after scaling): 640
    Padded Height (after scaling): 640
    Offset X (padding left): 0
    Offset Y (padding top): 0
----------------------------

--- Preprocess Image Log ---
Timestamp: 2025-09-19 19:56:32
Image Path: /home/HwHiAiUser/gp/DATASETS/testv2_320_02/000010.jpg
  Letterbox Scale Info:
    Original Width: 320
    Original Height: 320
    Model Target Width: 640
    Model Target Height: 640
    Scale Ratio: 2
    Padded Width (after scaling): 640
    Padded Height (after scaling): 640
    Offset X (padding left): 0
    Offset Y (padding top): 0
----------------------------

